
> telesis@0.1.0 build
> next build

  ▲ Next.js 14.2.32
  - Environments: .env.local, .env.production, .env
  - Experiments (use with caution):
    · instrumentationHook

   Creating an optimized production build ...
[@sentry/nextjs] The Sentry SDK has enabled source map generation for your Next.js app. If you don't want to serve Source Maps to your users, either set the `sourcemaps.deleteSourcemapsAfterUpload` option to true, or manually delete the source maps after the build. In future Sentry SDK versions `sourcemaps.deleteSourcemapsAfterUpload` will default to `true`. If you do not want to generate and upload sourcemaps, set the `sourcemaps.disable` option in `withSentryConfig()`.
 ✓ Compiled successfully
   Linting and checking validity of types ...
Failed to compile.

./playwright.config.ts:45:5
Type error: No overload matches this call.
  The last overload gave the following error.
    Object literal may only specify known properties, and 'threshold' does not exist in type '{ timeout?: number | undefined; toHaveScreenshot?: { animations?: "allow" | "disabled" | undefined; caret?: "hide" | "initial" | undefined; maxDiffPixels?: number | undefined; maxDiffPixelRatio?: number | undefined; scale?: "css" | ... 1 more ... | undefined; stylePath?: string | ... 1 more ... | undefined; threshol...'.
      Type '{ name: string; use: { storageState: string; viewport: ViewportSize; userAgent: string; deviceScaleFactor: number; isMobile: boolean; hasTouch: boolean; defaultBrowserType: "chromium" | ... 1 more ... | "webkit"; }; dependencies: string[]; testMatch: string[]; } | { ...; }' is not assignable to type 'Project<PlaywrightTestOptions & CustomProperties<unknown>, PlaywrightWorkerOptions & CustomProperties<unknown>>'.
        Type '{ name: string; use: { storageState: string; reducedMotion: string; viewport: ViewportSize; userAgent: string; deviceScaleFactor: number; isMobile: boolean; hasTouch: boolean; defaultBrowserType: "chromium" | "firefox" | "webkit"; }; dependencies: string[]; testMatch: string[]; }' is not assignable to type 'Project<PlaywrightTestOptions & CustomProperties<unknown>, PlaywrightWorkerOptions & CustomProperties<unknown>>'.
          Types of property 'use' are incompatible.
            Object literal may only specify known properties, and 'reducedMotion' does not exist in type 'UseOptions<PlaywrightTestOptions & CustomProperties<unknown>, PlaywrightWorkerOptions & CustomProperties<unknown>>'.
              Type '{ name: string; use: { storageState: string; reducedMotion: string; viewport: ViewportSize; userAgent: string; deviceScaleFactor: number; isMobile: boolean; hasTouch: boolean; defaultBrowserType: "chromium" | "firefox" | "webkit"; }; dependencies: string[]; testMatch: string[]; }' is not assignable to type 'Project<PlaywrightTestOptions & CustomProperties<unknown>, PlaywrightWorkerOptions & CustomProperties<unknown>>'.
                Types of property 'use' are incompatible.
                  Object literal may only specify known properties, and 'reducedMotion' does not exist in type 'UseOptions<PlaywrightTestOptions & CustomProperties<unknown>, PlaywrightWorkerOptions & CustomProperties<unknown>>'.

[0m [90m 43 |[39m     timeout[33m:[39m [35m10[39m [33m*[39m [35m1000[39m[33m,[39m[0m
[0m [90m 44 |[39m     [90m// Screenshot comparison threshold[39m[0m
[0m[31m[1m>[22m[39m[90m 45 |[39m     threshold[33m:[39m [35m0.2[39m[33m,[39m[0m
[0m [90m    |[39m     [31m[1m^[22m[39m[0m
[0m [90m 46 |[39m     [90m// Animation handling[39m[0m
[0m [90m 47 |[39m     animations[33m:[39m [32m'disabled'[39m[33m,[39m[0m
[0m [90m 48 |[39m   }[33m,[39m[0m
Next.js build worker exited with code: 1 and signal: null
